<html>
<body>
<pre>
<h1>µVision Build Log</h1>
<h2>Tool Versions:</h2>
IDE-Version: ¦ÌVision V5.24.2.0
Copyright (C) 2017 ARM Ltd and ARM Germany GmbH. All rights reserved.
License Information: 1 517365353@qq.com, 1, LIC=9WSKC-7NMK8-NNGAF-62ZM4-28WHR-ZAFX1
 
Tool Versions:
Toolchain:       MDK-ARM Plus  Version: 5.24.1
Toolchain Path:  D:\STM32\MDK_KEIL5\ARM\ARMCC\Bin
C Compiler:      Armcc.exe V5.06 update 5 (build 528)
Assembler:       Armasm.exe V5.06 update 5 (build 528)
Linker/Locator:  ArmLink.exe V5.06 update 5 (build 528)
Library Manager: ArmAr.exe V5.06 update 5 (build 528)
Hex Converter:   FromElf.exe V5.06 update 5 (build 528)
CPU DLL:         SARMCM3.DLL V5.24.1
Dialog DLL:      DCM.DLL V1.16.0.0
Target DLL:      STLink\ST-LINKIII-KEIL_SWO.dll V3.0.1.0
Dialog DLL:      TCM.DLL V1.32.0.0
 
<h2>Project:</h2>
C:\STM32CubeMx\Projectmm\PAW32XX_MOUSE\MOUSE\MDK-ARM\MOUSE.uvprojx
Project File Date:  05/10/2025

<h2>Output:</h2>
*** Using Compiler 'V5.06 update 5 (build 528)', folder: 'D:\STM32\MDK_KEIL5\ARM\ARMCC\Bin'
Build target 'MOUSE'
compiling cheat.c...
"no source": Error:  #5: cannot open source input file "..\Core\Src\cheat.c": No such file or directory
..\Core\Src\cheat.c: 0 warnings, 1 error
compiling stm32f1xx_hal_msp.c...
compiling usart.c...
compiling stm32f1xx_hal_pcd_ex.c...
compiling stm32f1xx_it.c...
compiling spi.c...
compiling gpio.c...
compiling usbd_desc.c...
compiling usb_device.c...
compiling stm32f1xx_hal_gpio_ex.c...
compiling tim.c...
compiling usbd_conf.c...
compiling main.c...
../Core/Src/main.c(159): warning:  #177-D: variable "key"  was declared but never referenced
  	uint8_t key;
../Core/Src/main.c(160): warning:  #177-D: variable "i"  was declared but never referenced
  	int i=0;
../Core/Src/main.c(283): warning:  #177-D: variable "cc_sent"  was declared but never referenced
  static uint8_t cc_sent = 0;
../Core/Src/main.c: 3 warnings, 0 errors
compiling stm32f1xx_hal_pcd.c...
compiling stm32f1xx_hal.c...
compiling stm32f1xx_hal_rcc_ex.c...
compiling stm32f1xx_hal_flash.c...
compiling stm32f1xx_hal_exti.c...
compiling stm32f1xx_hal_cortex.c...
compiling stm32f1xx_hal_rcc.c...
compiling stm32f1xx_hal_pwr.c...
compiling stm32f1xx_hal_flash_ex.c...
compiling stm32f1xx_hal_gpio.c...
compiling stm32f1xx_hal_dma.c...
compiling stm32f1xx_ll_usb.c...
compiling stm32f1xx_hal_spi.c...
compiling stm32f1xx_hal_tim.c...
compiling system_stm32f1xx.c...
compiling usbd_core.c...
compiling usbd_ioreq.c...
compiling usbd_ctlreq.c...
compiling usbd_hid.c...
../Middlewares/ST/STM32_USB_Device_Library/Class/HID/Src/usbd_hid.c(358): warning:  #177-D: variable "HID_MOUSE_ReportDesc"  was declared but never referenced
  __ALIGN_BEGIN static uint8_t HID_MOUSE_ReportDesc[HID_MOUSE_REPORT_DESC_SIZE] __ALIGN_END =
../Middlewares/ST/STM32_USB_Device_Library/Class/HID/Src/usbd_hid.c: 1 warning, 0 errors
compiling stm32f1xx_hal_tim_ex.c...
compiling stm32f1xx_hal_uart.c...
linking...
Program Size: Code=18012 RO-data=312 RW-data=444 ZI-data=3300  
FromELF: creating hex file...
"MOUSE\MOUSE.axf" - 0 Error(s), 4 Warning(s).

<h2>Software Packages used:</h2>

Package Vendor: ARM
                http://www.keil.com/pack/ARM.CMSIS.5.0.1.pack
                ARM.CMSIS.5.0.1
                CMSIS (Cortex Microcontroller Software Interface Standard)
   * Component: CORE Version: 5.0.1

Package Vendor: Keil
                http://www.keil.com/pack/Keil.STM32F1xx_DFP.1.0.5.pack
                Keil.STM32F1xx_DFP.1.0.5
                STMicroelectronics STM32F1 Series Device Support, Drivers and Examples

<h2>Collection of Component include folders:</h2>
  .\RTE\_MOUSE
  D:\STM32\MDK_KEIL5\ARM\PACK\ARM\CMSIS\5.0.1\CMSIS\Include
  D:\STM32\MDK_KEIL5\ARM\PACK\Keil\STM32F1xx_DFP\1.0.5\Device\Include

<h2>Collection of Component Files used:</h2>

   * Component: ARM::CMSIS:CORE:5.0.1
Build Time Elapsed:  00:00:04
</pre>
</body>
</html>
